[0.021s] Invoking command in '/home/boyan/ros2_ws/src/Logistic-object-detection/build/turtlebot3_gazebo': CMAKE_PREFIX_PATH=${CMAKE_PREFIX_PATH}:/opt/ros/humble /usr/bin/cmake /home/boyan/ros2_ws/src/Logistic-object-detection/src/turtlebot3_gazebo -DCMAKE_INSTALL_PREFIX=/home/boyan/ros2_ws/src/Logistic-object-detection/install/turtlebot3_gazebo
[0.065s] -- The C compiler identification is GNU 11.4.0
[0.109s] -- The CXX compiler identification is GNU 11.4.0
[0.114s] -- Detecting C compiler ABI info
[0.166s] -- Detecting C compiler ABI info - done
[0.173s] -- Check for working C compiler: /usr/bin/cc - skipped
[0.173s] -- Detecting C compile features
[0.174s] -- Detecting C compile features - done
[0.176s] -- Detecting CXX compiler ABI info
[0.241s] -- Detecting CXX compiler ABI info - done
[0.247s] -- Check for working CXX compiler: /usr/bin/c++ - skipped
[0.247s] -- Detecting CXX compile features
[0.247s] -- Detecting CXX compile features - done
[0.249s] -- Found ament_cmake: 1.3.11 (/opt/ros/humble/share/ament_cmake/cmake)
[0.359s] -- Found Python3: /usr/bin/python3 (found version "3.10.12") found components: Interpreter 
[0.430s] [33mCMake Warning (dev) at /usr/share/cmake-3.22/Modules/FindPackageHandleStandardArgs.cmake:438 (message):
[0.430s]   The package name passed to `find_package_handle_standard_args` (PkgConfig)
[0.430s]   does not match the name of the calling package (gazebo).  This can lead to
[0.430s]   problems in calling code that expects `find_package` result variables
[0.431s]   (e.g., `_FOUND`) to follow a certain pattern.
[0.431s] Call Stack (most recent call first):
[0.431s]   /usr/share/cmake-3.22/Modules/FindPkgConfig.cmake:99 (find_package_handle_standard_args)
[0.431s]   /usr/lib/x86_64-linux-gnu/cmake/gazebo/gazebo-config.cmake:72 (include)
[0.431s]   CMakeLists.txt:23 (find_package)
[0.431s] This warning is for project developers.  Use -Wno-dev to suppress it.
[0.431s] [0m
[0.431s] -- Found PkgConfig: /usr/bin/pkg-config (found version "0.29.2") 
[0.434s] -- Checking for module 'bullet>=2.82'
[0.443s] --   Found bullet, version 3.05
[0.526s] -- Found fcl: /usr/include (found suitable version "0.7.0", minimum required is "0.5.0") 
[0.562s] -- Found assimp: /usr/include (found version "5.2.0") 
[0.574s] -- Found DART: /usr/include (Required is at least version "6.6") found components: dart 
[0.724s] -- Found Boost: /usr/lib/x86_64-linux-gnu/cmake/Boost-1.74.0/BoostConfig.cmake (found suitable version "1.74.0", minimum required is "1.40.0") found components: thread system filesystem program_options regex iostreams date_time 
[0.736s] -- Found Protobuf: /usr/lib/x86_64-linux-gnu/libprotobuf.so (found version "3.12.4") 
[0.740s] -- Looking for ignition-math6 -- found version 6.15.1
[0.746s] -- Searching for dependencies of ignition-math6
[0.747s] -- Looking for OGRE...
[0.747s] -- OGRE_PREFIX_WATCH changed.
[0.751s] -- Checking for module 'OGRE'
[0.762s] --   Found OGRE, version 1.9.0
[0.787s] -- Found Ogre Ghadamon (1.9.0)
[0.794s] -- Found OGRE: optimized;/usr/lib/x86_64-linux-gnu/libOgreMain.so;debug;/usr/lib/x86_64-linux-gnu/libOgreMain.so
[0.802s] -- Looking for OGRE_Paging...
[0.806s] -- Found OGRE_Paging: optimized;/usr/lib/x86_64-linux-gnu/libOgrePaging.so;debug;/usr/lib/x86_64-linux-gnu/libOgrePaging.so
[0.806s] -- Looking for OGRE_Terrain...
[0.809s] -- Found OGRE_Terrain: optimized;/usr/lib/x86_64-linux-gnu/libOgreTerrain.so;debug;/usr/lib/x86_64-linux-gnu/libOgreTerrain.so
[0.809s] -- Looking for OGRE_Property...
[0.812s] -- Found OGRE_Property: optimized;/usr/lib/x86_64-linux-gnu/libOgreProperty.so;debug;/usr/lib/x86_64-linux-gnu/libOgreProperty.so
[0.812s] -- Looking for OGRE_RTShaderSystem...
[0.815s] -- Found OGRE_RTShaderSystem: optimized;/usr/lib/x86_64-linux-gnu/libOgreRTShaderSystem.so;debug;/usr/lib/x86_64-linux-gnu/libOgreRTShaderSystem.so
[0.815s] -- Looking for OGRE_Volume...
[0.818s] -- Found OGRE_Volume: optimized;/usr/lib/x86_64-linux-gnu/libOgreVolume.so;debug;/usr/lib/x86_64-linux-gnu/libOgreVolume.so
[0.819s] -- Looking for OGRE_Overlay...
[0.821s] -- Found OGRE_Overlay: optimized;/usr/lib/x86_64-linux-gnu/libOgreOverlay.so;debug;/usr/lib/x86_64-linux-gnu/libOgreOverlay.so
[0.888s] -- Looking for ignition-math6 -- found version 6.15.1
[0.890s] -- Looking for ignition-transport8 -- found version 8.2.1
[0.890s] -- Searching for dependencies of ignition-transport8
[0.901s] -- Found Protobuf: /usr/lib/x86_64-linux-gnu/libprotobuf.so (found suitable version "3.12.4", minimum required is "3") 
[0.908s] -- Config-file not installed for ZeroMQ -- checking for pkg-config
[0.912s] -- Checking for module 'libzmq >= 4'
[0.922s] --   Found libzmq , version 4.3.4
[0.950s] -- Found ZeroMQ: TRUE (Required is at least version "4") 
[0.954s] -- Checking for module 'uuid'
[0.965s] --   Found uuid, version 2.37.2
[0.993s] -- Found UUID: TRUE  
[0.995s] -- Looking for ignition-msgs5 -- found version 5.8.1
[0.995s] -- Searching for dependencies of ignition-msgs5
[1.011s] -- Looking for ignition-math6 -- found version 6.15.1
[1.016s] -- Checking for module 'tinyxml2'
[1.027s] --   Found tinyxml2, version 9.0.0
[1.055s] -- Looking for ignition-msgs5 -- found version 5.8.1
[1.056s] -- Looking for ignition-common3 -- found version 3.14.0
[1.056s] -- Searching for dependencies of ignition-common3
[1.056s] -- Looking for dlfcn.h - found
[1.057s] -- Looking for libdl - found
[1.058s] -- Found DL: TRUE  
[1.069s] -- Found tinyobjloader: /usr/lib/x86_64-linux-gnu/cmake/tinyobjloader/tinyobjloader-config.cmake (found version "2.0.0") 
[1.070s] -- Searching for <ignition-common3> component [graphics]
[1.071s] -- Looking for ignition-common3-graphics -- found version 3.14.0
[1.071s] -- Searching for dependencies of ignition-common3-graphics
[1.072s] -- Looking for ignition-math6 -- found version 6.15.1
[1.074s] -- Looking for ignition-fuel_tools4 -- found version 4.4.0
[1.074s] -- Searching for dependencies of ignition-fuel_tools4
[1.141s] -- Found CURL: /usr/lib/x86_64-linux-gnu/libcurl.so (found version "7.81.0")  
[1.147s] -- Checking for module 'jsoncpp'
[1.159s] --   Found jsoncpp, version 1.9.5
[1.193s] -- Found JSONCPP: TRUE  
[1.200s] -- Checking for module 'libzip'
[1.212s] --   Found libzip, version 1.7.3
[1.244s] -- Found ZIP: TRUE  
[1.244s] -- Looking for ignition-common3 -- found version 3.14.0
[1.245s] -- Looking for ignition-math6 -- found version 6.15.1
[1.245s] -- Looking for ignition-msgs5 -- found version 5.8.1
[1.249s] -- Found gazebo_ros_pkgs: 3.9.0 (/opt/ros/humble/share/gazebo_ros_pkgs/cmake)
[1.250s] -- Found geometry_msgs: 4.2.4 (/opt/ros/humble/share/geometry_msgs/cmake)
[1.272s] -- Found rosidl_generator_c: 3.1.6 (/opt/ros/humble/share/rosidl_generator_c/cmake)
[1.276s] -- Found rosidl_adapter: 3.1.6 (/opt/ros/humble/share/rosidl_adapter/cmake)
[1.282s] -- Found rosidl_generator_cpp: 3.1.6 (/opt/ros/humble/share/rosidl_generator_cpp/cmake)
[1.292s] -- Using all available rosidl_typesupport_c: rosidl_typesupport_fastrtps_c;rosidl_typesupport_introspection_c
[1.304s] -- Using all available rosidl_typesupport_cpp: rosidl_typesupport_fastrtps_cpp;rosidl_typesupport_introspection_cpp
[1.332s] -- Found nav_msgs: 4.2.4 (/opt/ros/humble/share/nav_msgs/cmake)
[1.344s] -- Found rclcpp: 16.0.11 (/opt/ros/humble/share/rclcpp/cmake)
[1.370s] -- Found rmw_implementation_cmake: 6.1.2 (/opt/ros/humble/share/rmw_implementation_cmake/cmake)
[1.373s] -- Found rmw_fastrtps_cpp: 6.2.7 (/opt/ros/humble/share/rmw_fastrtps_cpp/cmake)
[1.444s] -- Found OpenSSL: /usr/lib/x86_64-linux-gnu/libcrypto.so (found version "3.0.2")  
[1.465s] -- Found FastRTPS: /opt/ros/humble/include  
[1.501s] -- Using RMW implementation 'rmw_fastrtps_cpp' as default
[1.507s] -- Found Threads: TRUE  
[1.535s] -- Found sensor_msgs: 4.2.4 (/opt/ros/humble/share/sensor_msgs/cmake)
[1.547s] -- Found tf2: 0.25.12 (/opt/ros/humble/share/tf2/cmake)
[1.600s] -- Configuring done
[1.604s] -- Generating done
[1.606s] -- Build files have been written to: /home/boyan/ros2_ws/src/Logistic-object-detection/build/turtlebot3_gazebo
